<?xml version="1.0" encoding="UTF-8"?>
<urlset xmlns="http://www.sitemaps.org/schemas/sitemap/0.9" xmlns:xhtml="http://www.w3.org/1999/xhtml">
  <url>
    <loc>http://localhost/en_US/products/test</loc>
    <lastmod>@string@.isDateTime()</lastmod>
    <changefreq>always</changefreq>
    <priority>0.5</priority>
  </url>
  <url>
    <loc>http://localhost/en_US/products/mock</loc>
    <lastmod>@string@.isDateTime()</lastmod>
    <changefreq>always</changefreq>
    <priority>0.5</priority>
  </url>
</urlset>